  state:0.0, ok
  Welcome! Try test(3,5,7,15,30)
->test(3,15,5,7,30)
  state:0.1, error
  Thresholds should be non-decreasing order.
->test(3,15,5,7,30)
  state:0.2, error
  Thresholds should be non-decreasing order.
->test(3,15,5,7,30)
  state:0.3, error
  Thresholds should be non-decreasing order.
->abort
  state:0.4, error
  Negative on that request:no mission in progress.
->test(3,5,7,15,30)
  state:1.0, mode:test, ok
  Movement:none
  Sectors:
    [1,1]->[0,E],-,-,-
    [1,2]->[-8,*],-,-,-
    [1,3]->[1,P],-,-,-
    [1,4]->-,-,-,-
    [1,5]->[2,P],[3,P],-,-
    [2,1]->-,-,-,-
    [2,2]->-,-,-,-
    [2,3]->[-5,W],-,-,-
    [2,4]->-,-,-,-
    [2,5]->[4,P],-,-,-
    [3,1]->[5,M],[-6,Y],-,-
    [3,2]->-,-,-,-
    [3,3]->[-1,O],-,-,-
    [3,4]->[6,P],[-11,W],-,-
    [3,5]->-,-,-,-
    [4,1]->[-2,W],-,-,-
    [4,2]->[7,M],[-7,*],-,-
    [4,3]->[8,P],-,-,-
    [4,4]->[9,P],[-4,*],-,-
    [4,5]->-,-,-,-
    [5,1]->[10,B],[-3,W],-,-
    [5,2]->-,-,-,-
    [5,3]->[-10,*],-,-,-
    [5,4]->-,-,-,-
    [5,5]->[11,P],[-9,W],-,-
  Descriptions:
    [-11,W]->
    [-10,*]->Luminosity:5
    [-9,W]->
    [-8,*]->Luminosity:5
    [-7,*]->Luminosity:5
    [-6,Y]->Luminosity:2
    [-5,W]->
    [-4,*]->Luminosity:5
    [-3,W]->
    [-2,W]->
    [-1,O]->
    [0,E]->fuel:3/3, life:3/3, landed?:F
    [1,P]->attached?:F, support_life?:F, visited?:F, turns_left:2
    [2,P]->attached?:F, support_life?:F, visited?:F, turns_left:2
    [3,P]->attached?:F, support_life?:F, visited?:F, turns_left:0
    [4,P]->attached?:F, support_life?:F, visited?:F, turns_left:2
    [5,M]->fuel:3/3, actions_left_until_reproduction:1/1, turns_left:1
    [6,P]->attached?:F, support_life?:F, visited?:F, turns_left:2
    [7,M]->fuel:3/3, actions_left_until_reproduction:1/1, turns_left:2
    [8,P]->attached?:F, support_life?:F, visited?:F, turns_left:0
    [9,P]->attached?:F, support_life?:F, visited?:F, turns_left:1
    [10,B]->fuel:3/3, actions_left_until_reproduction:1/1, turns_left:1
    [11,P]->attached?:F, support_life?:F, visited?:F, turns_left:2
  Deaths This Turn:none
    (1:1)  (1:2)  (1:3)  (1:4)  (1:5)  
    E---   *---   P---   ----   PP--   
    (2:1)  (2:2)  (2:3)  (2:4)  (2:5)  
    ----   ----   W---   ----   P---   
    (3:1)  (3:2)  (3:3)  (3:4)  (3:5)  
    MY--   ----   O---   PW--   ----   
    (4:1)  (4:2)  (4:3)  (4:4)  (4:5)  
    W---   M*--   P---   P*--   ----   
    (5:1)  (5:2)  (5:3)  (5:4)  (5:5)  
    BW--   ----   *---   ----   PW--   
->test(3,15,5,7,30)
  state:1.1, mode:test, error
  To start a new mission, please abort the current one first.
->test(3,15,5,7,30)
  state:1.2, mode:test, error
  To start a new mission, please abort the current one first.
->abort
  state:1.3, ok
  Mission aborted. Try test(3,5,7,15,30)
->test(100,100,100,100,100)
  state:2.0, mode:test, ok
  Movement:none
  Sectors:
    [1,1]->[0,E],[1,A],[2,A],[3,A]
    [1,2]->[4,A],[5,A],-,-
    [1,3]->[6,A],[7,A],[-5,Y],-
    [1,4]->[8,A],[9,A],[-7,Y],-
    [1,5]->[10,A],[-3,*],-,-
    [2,1]->[11,A],[-8,*],-,-
    [2,2]->[12,A],[-11,W],-,-
    [2,3]->[13,A],[14,A],[15,A],[-6,Y]
    [2,4]->[16,A],[17,A],[18,A],[-10,Y]
    [2,5]->[19,A],[20,A],[-9,W],-
    [3,1]->[21,A],[22,A],[23,A],-
    [3,2]->[24,A],[25,A],[26,A],-
    [3,3]->[-1,O],-,-,-
    [3,4]->[27,A],[-2,Y],-,-
    [3,5]->[28,A],[29,A],[30,A],[-4,W]
    [4,1]->[31,A],[32,A],[33,A],-
    [4,2]->[34,A],[35,A],-,-
    [4,3]->[36,A],[37,A],[38,A],-
    [4,4]->[39,A],-,-,-
    [4,5]->[40,A],-,-,-
    [5,1]->[41,A],-,-,-
    [5,2]->[42,A],-,-,-
    [5,3]->[43,A],[44,A],-,-
    [5,4]->[45,A],[46,A],-,-
    [5,5]->[47,A],[48,A],-,-
  Descriptions:
    [-11,W]->
    [-10,Y]->Luminosity:2
    [-9,W]->
    [-8,*]->Luminosity:5
    [-7,Y]->Luminosity:2
    [-6,Y]->Luminosity:2
    [-5,Y]->Luminosity:2
    [-4,W]->
    [-3,*]->Luminosity:5
    [-2,Y]->Luminosity:2
    [-1,O]->
    [0,E]->fuel:3/3, life:3/3, landed?:F
    [1,A]->turns_left:2
    [2,A]->turns_left:2
    [3,A]->turns_left:1
    [4,A]->turns_left:0
    [5,A]->turns_left:2
    [6,A]->turns_left:0
    [7,A]->turns_left:2
    [8,A]->turns_left:0
    [9,A]->turns_left:2
    [10,A]->turns_left:1
    [11,A]->turns_left:0
    [12,A]->turns_left:0
    [13,A]->turns_left:2
    [14,A]->turns_left:2
    [15,A]->turns_left:2
    [16,A]->turns_left:0
    [17,A]->turns_left:1
    [18,A]->turns_left:1
    [19,A]->turns_left:2
    [20,A]->turns_left:1
    [21,A]->turns_left:1
    [22,A]->turns_left:2
    [23,A]->turns_left:1
    [24,A]->turns_left:0
    [25,A]->turns_left:1
    [26,A]->turns_left:2
    [27,A]->turns_left:1
    [28,A]->turns_left:2
    [29,A]->turns_left:1
    [30,A]->turns_left:2
    [31,A]->turns_left:1
    [32,A]->turns_left:0
    [33,A]->turns_left:2
    [34,A]->turns_left:0
    [35,A]->turns_left:1
    [36,A]->turns_left:1
    [37,A]->turns_left:1
    [38,A]->turns_left:0
    [39,A]->turns_left:1
    [40,A]->turns_left:0
    [41,A]->turns_left:1
    [42,A]->turns_left:1
    [43,A]->turns_left:1
    [44,A]->turns_left:1
    [45,A]->turns_left:1
    [46,A]->turns_left:0
    [47,A]->turns_left:2
    [48,A]->turns_left:1
  Deaths This Turn:none
    (1:1)  (1:2)  (1:3)  (1:4)  (1:5)  
    EAAA   AA--   AAY-   AAY-   A*--   
    (2:1)  (2:2)  (2:3)  (2:4)  (2:5)  
    A*--   AW--   AAAY   AAAY   AAW-   
    (3:1)  (3:2)  (3:3)  (3:4)  (3:5)  
    AAA-   AAA-   O---   AY--   AAAW   
    (4:1)  (4:2)  (4:3)  (4:4)  (4:5)  
    AAA-   AA--   AAA-   A---   A---   
    (5:1)  (5:2)  (5:3)  (5:4)  (5:5)  
    A---   A---   AA--   AA--   AA--   
->test(100,100,100,100,100)
  state:2.1, mode:test, error
  To start a new mission, please abort the current one first.
->test(100,100,100,100,100)
  state:2.2, mode:test, error
  To start a new mission, please abort the current one first.
->abort
  state:2.3, ok
  Mission aborted. Try test(3,5,7,15,30)
->test(99,100,100,100,100)
  state:3.0, mode:test, ok
  Movement:none
  Sectors:
    [1,1]->[0,E],[1,A],[2,A],[3,A]
    [1,2]->[4,A],-,-,-
    [1,3]->[5,A],[-8,*],-,-
    [1,4]->[6,A],[7,A],[-11,*],-
    [1,5]->[8,A],-,-,-
    [2,1]->[9,A],[-6,W],-,-
    [2,2]->[10,A],-,-,-
    [2,3]->[11,A],[12,A],[13,A],[-5,Y]
    [2,4]->[14,A],[15,A],-,-
    [2,5]->[16,A],-,-,-
    [3,1]->[17,A],-,-,-
    [3,2]->[18,A],[19,A],-,-
    [3,3]->[-1,O],-,-,-
    [3,4]->[20,A],[21,A],[-2,W],-
    [3,5]->[22,A],[23,J],[24,A],[-4,*]
    [4,1]->[25,A],[26,A],[-7,Y],-
    [4,2]->[27,A],[28,A],[29,A],-
    [4,3]->[30,A],-,-,-
    [4,4]->[31,A],[-3,Y],-,-
    [4,5]->[32,A],-,-,-
    [5,1]->[33,A],[34,A],-,-
    [5,2]->[35,A],[36,A],[37,A],-
    [5,3]->[38,A],[39,A],[40,A],[-9,Y]
    [5,4]->[41,A],-,-,-
    [5,5]->[42,A],[-10,Y],-,-
  Descriptions:
    [-11,*]->Luminosity:5
    [-10,Y]->Luminosity:2
    [-9,Y]->Luminosity:2
    [-8,*]->Luminosity:5
    [-7,Y]->Luminosity:2
    [-6,W]->
    [-5,Y]->Luminosity:2
    [-4,*]->Luminosity:5
    [-3,Y]->Luminosity:2
    [-2,W]->
    [-1,O]->
    [0,E]->fuel:3/3, life:3/3, landed?:F
    [1,A]->turns_left:1
    [2,A]->turns_left:2
    [3,A]->turns_left:0
    [4,A]->turns_left:2
    [5,A]->turns_left:2
    [6,A]->turns_left:1
    [7,A]->turns_left:2
    [8,A]->turns_left:2
    [9,A]->turns_left:0
    [10,A]->turns_left:1
    [11,A]->turns_left:2
    [12,A]->turns_left:1
    [13,A]->turns_left:0
    [14,A]->turns_left:0
    [15,A]->turns_left:1
    [16,A]->turns_left:1
    [17,A]->turns_left:1
    [18,A]->turns_left:2
    [19,A]->turns_left:0
    [20,A]->turns_left:1
    [21,A]->turns_left:2
    [22,A]->turns_left:2
    [23,J]->fuel:5/5, load:0/2, actions_left_until_reproduction:2/2, turns_left:0
    [24,A]->turns_left:0
    [25,A]->turns_left:1
    [26,A]->turns_left:1
    [27,A]->turns_left:0
    [28,A]->turns_left:1
    [29,A]->turns_left:2
    [30,A]->turns_left:0
    [31,A]->turns_left:0
    [32,A]->turns_left:2
    [33,A]->turns_left:0
    [34,A]->turns_left:0
    [35,A]->turns_left:1
    [36,A]->turns_left:0
    [37,A]->turns_left:1
    [38,A]->turns_left:0
    [39,A]->turns_left:0
    [40,A]->turns_left:1
    [41,A]->turns_left:0
    [42,A]->turns_left:1
  Deaths This Turn:none
    (1:1)  (1:2)  (1:3)  (1:4)  (1:5)  
    EAAA   A---   A*--   AA*-   A---   
    (2:1)  (2:2)  (2:3)  (2:4)  (2:5)  
    AW--   A---   AAAY   AA--   A---   
    (3:1)  (3:2)  (3:3)  (3:4)  (3:5)  
    A---   AA--   O---   AAW-   AJA*   
    (4:1)  (4:2)  (4:3)  (4:4)  (4:5)  
    AAY-   AAA-   A---   AY--   A---   
    (5:1)  (5:2)  (5:3)  (5:4)  (5:5)  
    AA--   AAA-   AAAY   A---   AY--   
->abort
  state:3.1, ok
  Mission aborted. Try test(3,5,7,15,30)
->test(100,99,100,100,100)
  state:3.2, error
  Thresholds should be non-decreasing order.
->abort
  state:3.3, error
  Negative on that request:no mission in progress.
->test(100,100,99,100,100)
  state:3.4, error
  Thresholds should be non-decreasing order.
->abort
  state:3.5, error
  Negative on that request:no mission in progress.
->test(100,100,100,99,100)
  state:3.6, error
  Thresholds should be non-decreasing order.
->abort
  state:3.7, error
  Negative on that request:no mission in progress.
->test(100,100,100,100,99)
  state:3.8, error
  Thresholds should be non-decreasing order.
->abort
  state:3.9, error
  Negative on that request:no mission in progress.
